label: gpt
label-id: AEFA1EEE-7344-4618-A031-03328977DBDB
device: /dev/sda
unit: sectors
first-lba: 34
last-lba: 1875384974

/dev/sda1 : start=          40, size=      409560, type=C12A7328-F81F-11D2-BA4B-00A0C93EC93B, uuid=FC924825-F901-41E4-9B59-E6BB2089073A, name="EFI System Partition"
/dev/sda2 : start=      409600, size=      262144, type=E3C9E316-0B5C-4DB8-817D-F92DF00215AE, uuid=9243C5BF-A6F4-4C00-B6B6-76BAE9C5CE2E, name="Microsoft reserved partition"
/dev/sda3 : start=      671744, size=   838864896, type=EBD0A0A2-B9E5-4433-87C0-68B6B72699C7, uuid=20B54611-BBB9-4EB6-808B-B9276B898322, name="Basic data partition"
/dev/sda4 : start=   839536640, size=   406845440, type=EBD0A0A2-B9E5-4433-87C0-68B6B72699C7, uuid=DFCFDF8D-D0D6-4B18-9A97-A6C7FB1A00A6, name="Basic data partition", attrs="GUID:63"
/dev/sda5 : start=  1246382080, size=   208447712, type=48465300-0000-11AA-AA11-00306543ECAC, uuid=317A550B-C3A1-41CE-AC5B-EE3340DEF2EF, name="Apple_HFSX_Untitled_2"
/dev/sda6 : start=  1454829792, size=     1269536, type=426F6F74-0000-11AA-AA11-00306543ECAC, uuid=4B9EA92A-3763-45E5-8815-11AABA4CFEC4, name="Recovery HD", attrs="GUID:49"
/dev/sda7 : start=  1456099328, size=      391168, type=0FC63DAF-8483-4772-8E79-3D69D8477DE4, uuid=515CD6DF-90F6-4D21-B81F-6D21933CBF47
/dev/sda8 : start=  1456490496, size=   386891776, type=142F5F5D-B9E5-4433-87C0-68B6B72699C7, uuid=6D72B347-3155-4A8D-BC8F-6D14CEA1593C
/dev/sda9 : start=  1843382272, size=    32002048, type=0657FD6D-A4AB-43C4-84E5-0933C84B4F4F, uuid=BB11101B-1CBF-4AFC-A9EE-7E055A52454F
